{
  "version": "1.5.0",
  "plugins_used": [
    {
      "name": "ArtifactoryDetector"
    },
    {
      "name": "AWSKeyDetector"
    },
    {
      "name": "AzureStorageKeyDetector"
    },
    {
      "name": "Base64HighEntropyString",
      "limit": 4.5
    },
    {
      "name": "BasicAuthDetector"
    },
    {
      "name": "CloudantDetector"
    },
    {
      "name": "DiscordBotTokenDetector"
    },
    {
      "name": "GitHubTokenDetector"
    },
    {
      "name": "GitLabTokenDetector"
    },
    {
      "name": "HexHighEntropyString",
      "limit": 3.0
    },
    {
      "name": "IbmCloudIamDetector"
    },
    {
      "name": "IbmCosHmacDetector"
    },
    {
      "name": "IPPublicDetector"
    },
    {
      "name": "JwtTokenDetector"
    },
    {
      "name": "KeywordDetector",
      "keyword_exclude": ""
    },
    {
      "name": "MailchimpDetector"
    },
    {
      "name": "NpmDetector"
    },
    {
      "name": "OpenAIDetector"
    },
    {
      "name": "PrivateKeyDetector"
    },
    {
      "name": "PypiTokenDetector"
    },
    {
      "name": "SendGridDetector"
    },
    {
      "name": "SlackDetector"
    },
    {
      "name": "SoftlayerDetector"
    },
    {
      "name": "SquareOAuthDetector"
    },
    {
      "name": "StripeDetector"
    },
    {
      "name": "TelegramBotTokenDetector"
    },
    {
      "name": "TwilioKeyDetector"
    }
  ],
  "filters_used": [
    {
      "path": "detect_secrets.filters.allowlist.is_line_allowlisted"
    },
    {
      "path": "detect_secrets.filters.common.is_baseline_file",
      "filename": ".secrets.baseline"
    },
    {
      "path": "detect_secrets.filters.common.is_ignored_due_to_verification_policies",
      "min_level": 2
    },
    {
      "path": "detect_secrets.filters.heuristic.is_indirect_reference"
    },
    {
      "path": "detect_secrets.filters.heuristic.is_likely_id_string"
    },
    {
      "path": "detect_secrets.filters.heuristic.is_lock_file"
    },
    {
      "path": "detect_secrets.filters.heuristic.is_not_alphanumeric_string"
    },
    {
      "path": "detect_secrets.filters.heuristic.is_potential_uuid"
    },
    {
      "path": "detect_secrets.filters.heuristic.is_prefixed_with_dollar_sign"
    },
    {
      "path": "detect_secrets.filters.heuristic.is_sequential_string"
    },
    {
      "path": "detect_secrets.filters.heuristic.is_swagger_file"
    },
    {
      "path": "detect_secrets.filters.heuristic.is_templated_secret"
    },
    {
      "path": "detect_secrets.filters.regex.should_exclude_file",
      "pattern": [
        "^(graphify-out/.*|docs/90\\.references/data/active-corpus-(eligibility-ledger|migration-results)\\.json)$"
      ]
    },
    {
      "path": "detect_secrets.filters.regex.should_exclude_line",
      "pattern": [
        "^source_(commit|blob): \"[0-9a-f]{40}\"$|^content_sha256: \"[0-9a-f]{64}\"$|^ {4}\"(candidateBaselineCommit|activationCommit)\": \"[0-9a-f]{40}\",$|^ {8}\"sourceBlob\": \"[0-9a-f]{40}\",?$|^ {10}\"sourceBlob\": \"[0-9a-f]{40}\",?$|^rev: \"[0-9a-f]{40}\" # frozen: [A-Za-z0-9][A-Za-z0-9._-]*$|^    --hash=sha256:[0-9a-f]{64}(?: [\\\\])?$|^ {6}\"sha256\": \"[0-9a-f]{64}\",$|^ +\"implementationRef\": \"git-sha1:[0-9a-f]{40}\",$|^ +\"(?:evidenceSha256|sourceSha256)\": \"[0-9a-f]{64}\",$|^ +\"sourceSha256\": \\{\"const\": \"[0-9a-f]{64}\"\\},$"
      ]
    }
  ],
  "results": {
    "docs/00.agent-governance/contracts/agent-governance-ci.json": [
      {
        "type": "Hex High Entropy String",
        "filename": "docs/00.agent-governance/contracts/agent-governance-ci.json",
        "hashed_secret": "f66eb5b5bb0a1794295fad8544c315d657957466",
        "is_verified": false,
        "line_number": 40,
        "is_secret": false
      }
    ],
    "docs/00.agent-governance/contracts/agent-legacy-cutover.json": [
      {
        "type": "Hex High Entropy String",
        "filename": "docs/00.agent-governance/contracts/agent-legacy-cutover.json",
        "hashed_secret": "4550f885814e9f90990ad2cffbe76c2fc12c6757",
        "is_verified": false,
        "line_number": 132,
        "is_secret": false
      },
      {
        "type": "Hex High Entropy String",
        "filename": "docs/00.agent-governance/contracts/agent-legacy-cutover.json",
        "hashed_secret": "b8d64577ff5d592ef47dc2b12314b93120a2937d",
        "is_verified": false,
        "line_number": 136,
        "is_secret": false
      },
      {
        "type": "Hex High Entropy String",
        "filename": "docs/00.agent-governance/contracts/agent-legacy-cutover.json",
        "hashed_secret": "c0885c14f2f65a2745f562003116eae294d53f52",
        "is_verified": false,
        "line_number": 143,
        "is_secret": false
      },
      {
        "type": "Hex High Entropy String",
        "filename": "docs/00.agent-governance/contracts/agent-legacy-cutover.json",
        "hashed_secret": "394f0dc6cfa3d9fe093a873d32d82a1a5c26dc08",
        "is_verified": false,
        "line_number": 147,
        "is_secret": false
      },
      {
        "type": "Hex High Entropy String",
        "filename": "docs/00.agent-governance/contracts/agent-legacy-cutover.json",
        "hashed_secret": "e8129e1b4f3fbd759bc6bfb3d38bb59415318ff2",
        "is_verified": false,
        "line_number": 154,
        "is_secret": false
      },
      {
        "type": "Hex High Entropy String",
        "filename": "docs/00.agent-governance/contracts/agent-legacy-cutover.json",
        "hashed_secret": "eff2fd26965408dcdcc881e9a099d919bf46be10",
        "is_verified": false,
        "line_number": 165,
        "is_secret": false
      }
    ],
    "docs/04.execution/plans/2026-08-02-repository-assurance-integration-and-closure.md": [
      {
        "type": "Hex High Entropy String",
        "filename": "docs/04.execution/plans/2026-08-02-repository-assurance-integration-and-closure.md",
        "hashed_secret": "1f930785114a2c194d74105875b61557a206b9dd",
        "is_verified": false,
        "line_number": 350,
        "is_secret": false
      }
    ],
    "docs/90.references/audits/2026-08-09-wgia/security-and-approval-boundaries.md": [
      {
        "type": "Secret Keyword",
        "filename": "docs/90.references/audits/2026-08-09-wgia/security-and-approval-boundaries.md",
        "hashed_secret": "1b09ce1bcd3301ae2e5601e5b9af2e5e22099520",
        "is_verified": false,
        "line_number": 57,
        "is_secret": false
      },
      {
        "type": "Secret Keyword",
        "filename": "docs/90.references/audits/2026-08-09-wgia/security-and-approval-boundaries.md",
        "hashed_secret": "fdc533ae58a1d3cc26604e892c3738c20664ac7f",
        "is_verified": false,
        "line_number": 91,
        "is_secret": false
      },
      {
        "type": "Secret Keyword",
        "filename": "docs/90.references/audits/2026-08-09-wgia/security-and-approval-boundaries.md",
        "hashed_secret": "127cebd42dea4116a45abe520ac652a87d04e921",
        "is_verified": false,
        "line_number": 163,
        "is_secret": false
      },
      {
        "type": "Secret Keyword",
        "filename": "docs/90.references/audits/2026-08-09-wgia/security-and-approval-boundaries.md",
        "hashed_secret": "9ae3a107a8b9a070227645408599075ec7228366",
        "is_verified": false,
        "line_number": 268,
        "is_secret": false
      },
      {
        "type": "Secret Keyword",
        "filename": "docs/90.references/audits/2026-08-09-wgia/security-and-approval-boundaries.md",
        "hashed_secret": "250f367672eeae898161416ac1d4ab4af04698a0",
        "is_verified": false,
        "line_number": 311,
        "is_secret": false
      }
    ],
    "docs/90.references/research/2026-08-08-wer/kubernetes-infrastructure-and-security.md": [
      {
        "type": "Secret Keyword",
        "filename": "docs/90.references/research/2026-08-08-wer/kubernetes-infrastructure-and-security.md",
        "hashed_secret": "caf01156cb434ae5ada03bc1e09f07bf35de6778",
        "is_verified": false,
        "line_number": 276
      },
      {
        "type": "Secret Keyword",
        "filename": "docs/90.references/research/2026-08-08-wer/kubernetes-infrastructure-and-security.md",
        "hashed_secret": "3dcd516df56493b5bde7c187e8bf6caa84ada159",
        "is_verified": false,
        "line_number": 288
      }
    ],
    "docs/90.references/research/2026-08-08-wer/source-coverage-and-migration-ledger.md": [
      {
        "type": "Secret Keyword",
        "filename": "docs/90.references/research/2026-08-08-wer/source-coverage-and-migration-ledger.md",
        "hashed_secret": "caba4198374648ecfbf64ce9d47746f13bc1da00",
        "is_verified": false,
        "line_number": 188,
        "is_secret": false
      },
      {
        "type": "Secret Keyword",
        "filename": "docs/90.references/research/2026-08-08-wer/source-coverage-and-migration-ledger.md",
        "hashed_secret": "5663b5eae35caec3e39df4d5186914b283bd79a5",
        "is_verified": false,
        "line_number": 189,
        "is_secret": false
      },
      {
        "type": "Secret Keyword",
        "filename": "docs/90.references/research/2026-08-08-wer/source-coverage-and-migration-ledger.md",
        "hashed_secret": "3dcd516df56493b5bde7c187e8bf6caa84ada159",
        "is_verified": false,
        "line_number": 243
      }
    ],
    "docs/99.templates/support/document-profiles.json": [
      {
        "type": "Hex High Entropy String",
        "filename": "docs/99.templates/support/document-profiles.json",
        "hashed_secret": "3d14ffc377101559e8b2a3ed04ee707f0a07fbce",
        "is_verified": false,
        "line_number": 6,
        "is_secret": false
      }
    ],
    "tests/fixtures/agent-legacy-cutover.json": [
      {
        "type": "Hex High Entropy String",
        "filename": "tests/fixtures/agent-legacy-cutover.json",
        "hashed_secret": "4550f885814e9f90990ad2cffbe76c2fc12c6757",
        "is_verified": false,
        "line_number": 183,
        "is_secret": false
      },
      {
        "type": "Hex High Entropy String",
        "filename": "tests/fixtures/agent-legacy-cutover.json",
        "hashed_secret": "b8d64577ff5d592ef47dc2b12314b93120a2937d",
        "is_verified": false,
        "line_number": 186,
        "is_secret": false
      }
    ]
  },
  "generated_at": "2026-08-10T10:08:23Z"
}
